// Jest Snapshot v1, https://goo.gl/fbAQLP

exports[`renders learn react link 1`] = `
<button
  class="btn btn-tomato col-4"
  data-testid="counter-button"
>
  count is 
  0
</button>
`;

exports[`renders learn react link 2`] = `
<button
  class="btn btn-tomato col-4"
  data-testid="counter-button"
>
  count is 
  4
</button>
`;
