// Jest Snapshot v1, https://goo.gl/fbAQLP

exports[`Counter App should render in the screen: counter 1 1`] = `
<button
  class="btn btn-tomato col-4"
  data-testid="counter-button"
>
  count is 
  1
</button>
`;

exports[`Counter App should render in the screen: counter 5 1`] = `
<button
  class="btn btn-tomato col-4"
  data-testid="counter-button"
>
  count is 
  5
</button>
`;

exports[`Counter App should render in the screen: counter intial State 1`] = `
<button
  class="btn btn-tomato col-4"
  data-testid="counter-button"
>
  count is 
  0
</button>
`;

exports[`Todo App should render in the screen 1`] = `
<ul
  class="list-group"
  data-testid="todo-list"
>
  <li
    class="list-group-item"
  >
    1
    : 
    Learn React
  </li>
</ul>
`;
